2025-11-28T12:19:29.384+02:00  INFO 23060 --- [acs] [main] com.example.acs.AcsApplication           : Starting AcsApplication using Java 21.0.9 with PID 23060 (C:\proj\acs\backend\acs\target\classes started by Eduard in C:\proj\acs\backend\acs)
2025-11-28T12:19:29.395+02:00 DEBUG 23060 --- [acs] [main] com.example.acs.AcsApplication           : Running with Spring Boot v3.5.7, Spring v6.2.12
2025-11-28T12:19:29.396+02:00  INFO 23060 --- [acs] [main] com.example.acs.AcsApplication           : No active profile set, falling back to 1 default profile: "default"
2025-11-28T12:19:31.092+02:00  INFO 23060 --- [acs] [main] .s.d.r.c.RepositoryConfigurationDelegate : Bootstrapping Spring Data JPA repositories in DEFAULT mode.
2025-11-28T12:19:31.218+02:00  INFO 23060 --- [acs] [main] .s.d.r.c.RepositoryConfigurationDelegate : Finished Spring Data repository scanning in 112 ms. Found 4 JPA repository interfaces.
2025-11-28T12:19:32.418+02:00  INFO 23060 --- [acs] [main] o.s.b.w.embedded.tomcat.TomcatWebServer  : Tomcat initialized with port 8080 (http)
2025-11-28T12:19:32.451+02:00  INFO 23060 --- [acs] [main] o.apache.catalina.core.StandardService   : Starting service [Tomcat]
2025-11-28T12:19:32.451+02:00  INFO 23060 --- [acs] [main] o.apache.catalina.core.StandardEngine    : Starting Servlet engine: [Apache Tomcat/10.1.48]
2025-11-28T12:19:32.578+02:00  INFO 23060 --- [acs] [main] o.a.c.c.C.[Tomcat].[localhost].[/]       : Initializing Spring embedded WebApplicationContext
2025-11-28T12:19:32.578+02:00  INFO 23060 --- [acs] [main] w.s.c.ServletWebServerApplicationContext : Root WebApplicationContext: initialization completed in 3051 ms
2025-11-28T12:19:32.834+02:00  INFO 23060 --- [acs] [main] o.hibernate.jpa.internal.util.LogHelper  : HHH000204: Processing PersistenceUnitInfo [name: default]
2025-11-28T12:19:32.958+02:00  INFO 23060 --- [acs] [main] org.hibernate.Version                    : HHH000412: Hibernate ORM core version 6.6.33.Final
2025-11-28T12:19:33.042+02:00  INFO 23060 --- [acs] [main] o.h.c.internal.RegionFactoryInitiator    : HHH000026: Second-level cache disabled
2025-11-28T12:19:33.584+02:00  INFO 23060 --- [acs] [main] o.s.o.j.p.SpringPersistenceUnitInfo      : No LoadTimeWeaver setup: ignoring JPA class transformer
2025-11-28T12:19:33.653+02:00  INFO 23060 --- [acs] [main] com.zaxxer.hikari.HikariDataSource       : HikariPool-1 - Starting...
2025-11-28T12:19:34.015+02:00  INFO 23060 --- [acs] [main] com.zaxxer.hikari.pool.HikariPool        : HikariPool-1 - Added connection org.sqlite.jdbc4.JDBC4Connection@4b61e97
2025-11-28T12:19:34.022+02:00  INFO 23060 --- [acs] [main] com.zaxxer.hikari.HikariDataSource       : HikariPool-1 - Start completed.
2025-11-28T12:19:34.095+02:00  INFO 23060 --- [acs] [main] org.hibernate.orm.connections.pooling    : HHH10001005: Database info:
	Database JDBC URL [Connecting through datasource 'HikariDataSource (HikariPool-1)']
	Database driver: undefined/unknown
	Database version: 3.49.1
	Autocommit mode: undefined/unknown
	Isolation level: undefined/unknown
	Minimum pool size: undefined/unknown
	Maximum pool size: undefined/unknown
2025-11-28T12:19:36.012+02:00  INFO 23060 --- [acs] [main] o.h.e.t.j.p.i.JtaPlatformInitiator       : HHH000489: No JTA platform available (set 'hibernate.transaction.jta.platform' to enable JTA platform integration)
2025-11-28T12:19:36.100+02:00  INFO 23060 --- [acs] [main] j.LocalContainerEntityManagerFactoryBean : Initialized JPA EntityManagerFactory for persistence unit 'default'
2025-11-28T12:19:36.559+02:00  INFO 23060 --- [acs] [main] o.s.d.j.r.query.QueryEnhancerFactory     : Hibernate is in classpath; If applicable, HQL parser will be used.
2025-11-28T12:19:38.183+02:00 DEBUG 23060 --- [acs] [main] c.e.a.security.JwtAuthenticationFilter   : Filter 'jwtAuthenticationFilter' configured for use
2025-11-28T12:19:38.930+02:00  WARN 23060 --- [acs] [main] JpaBaseConfiguration$JpaWebConfiguration : spring.jpa.open-in-view is enabled by default. Therefore, database queries may be performed during view rendering. Explicitly configure spring.jpa.open-in-view to disable this warning
2025-11-28T12:19:39.032+02:00  INFO 23060 --- [acs] [main] eAuthenticationProviderManagerConfigurer : Global AuthenticationManager configured with AuthenticationProvider bean with name authenticationProvider
2025-11-28T12:19:39.032+02:00  WARN 23060 --- [acs] [main] r$InitializeUserDetailsManagerConfigurer : Global AuthenticationManager configured with an AuthenticationProvider bean. UserDetailsService beans will not be used by Spring Security for automatically configuring username/password login. Consider removing the AuthenticationProvider bean. Alternatively, consider using the UserDetailsService in a manually instantiated DaoAuthenticationProvider. If the current configuration is intentional, to turn off this warning, increase the logging level of 'org.springframework.security.config.annotation.authentication.configuration.InitializeUserDetailsBeanManagerConfigurer' to ERROR
2025-11-28T12:19:40.342+02:00  INFO 23060 --- [acs] [main] o.s.b.w.embedded.tomcat.TomcatWebServer  : Tomcat started on port 8080 (http) with context path '/'
2025-11-28T12:19:40.365+02:00  INFO 23060 --- [acs] [main] com.example.acs.AcsApplication           : Started AcsApplication in 12.084 seconds (process running for 12.927)
2025-11-28T12:19:40.642+02:00  INFO 23060 --- [acs] [main] c.example.acs.user.AdminUserInitializer  : Admin user 'admin' already exists
2025-11-28T12:19:40.730+02:00  INFO 23060 --- [acs] [scheduling-1] com.example.acs.share.ShareCleanupJob    : Removed 1 expired share links
2025-11-28T12:19:52.177+02:00  INFO 23060 --- [acs] [http-nio-8080-exec-1] o.a.c.c.C.[Tomcat].[localhost].[/]       : Initializing Spring DispatcherServlet 'dispatcherServlet'
2025-11-28T12:19:52.178+02:00  INFO 23060 --- [acs] [http-nio-8080-exec-1] o.s.web.servlet.DispatcherServlet        : Initializing Servlet 'dispatcherServlet'
2025-11-28T12:19:52.180+02:00  INFO 23060 --- [acs] [http-nio-8080-exec-1] o.s.web.servlet.DispatcherServlet        : Completed initialization in 2 ms
2025-11-28T12:19:52.510+02:00 DEBUG 23060 --- [acs] [http-nio-8080-exec-2] c.e.a.security.JwtAuthenticationFilter   : Failed to parse JWT token: JWT expired 591448508 milliseconds ago at 2025-11-21T14:02:24.000Z. Current time: 2025-11-28T10:19:52.508Z. Allowed clock skew: 0 milliseconds.
2025-11-28T12:20:07.579+02:00  WARN 23060 --- [acs] [http-nio-8080-exec-4] com.example.acs.auth.AuthService         : Failed login for user 'proverca': bad password
2025-11-28T12:20:41.941+02:00  INFO 23060 --- [acs] [http-nio-8080-exec-7] com.example.acs.auth.AuthService         : New user 'proverca123' registered with role USER
2025-11-28T12:21:00.036+02:00 DEBUG 23060 --- [acs] [http-nio-8080-exec-4] c.example.acs.storage.LocalFileStorage   : Stored file 'lab2.py' for user 02bb53f4-0765-416e-b5e9-3008a24c60a6 at C:\proj\acs\backend\acs\backend\cloud\02bb53f4-0765-416e-b5e9-3008a24c60a6\3e8ee610-36cb-4744-bcc2-ff5a29152ac5
2025-11-28T12:21:00.052+02:00  INFO 23060 --- [acs] [http-nio-8080-exec-4] com.example.acs.file.FileService         : User 'proverca123' uploaded file 'lab2.py' (3328 bytes)
2025-11-28T12:21:07.003+02:00  INFO 23060 --- [acs] [http-nio-8080-exec-1] com.example.acs.share.ShareService       : User 'proverca123' created share '85a5305f15e147bf8f637586279dbc73'
2025-11-28T12:21:31.998+02:00  INFO 23060 --- [acs] [http-nio-8080-exec-2] com.example.acs.folder.FolderService     : User 'proverca123' created folder 'fyjy' (/fyjy)
2025-11-28T12:21:49.060+02:00  INFO 23060 --- [acs] [http-nio-8080-exec-6] com.example.acs.folder.FolderService     : User 'proverca123' deleted folder 'fyjy' (/fyjy)
2025-11-28T12:21:57.060+02:00  INFO 23060 --- [acs] [http-nio-8080-exec-3] com.example.acs.file.FileService         : User 'proverca123' deleted file 'lab2.py'
2025-11-28T12:22:59.447+02:00 DEBUG 23060 --- [acs] [http-nio-8080-exec-10] c.e.a.security.JwtAuthenticationFilter   : Failed to parse JWT token: JWT expired 591548447 milliseconds ago at 2025-11-21T14:03:51.000Z. Current time: 2025-11-28T10:22:59.447Z. Allowed clock skew: 0 milliseconds.
2025-11-28T12:23:08.858+02:00  INFO 23060 --- [acs] [http-nio-8080-exec-3] com.example.acs.auth.AuthService         : User 'admin' logged in successfully
2025-11-28T12:31:03.126+02:00  INFO 23060 --- [acs] [SpringApplicationShutdownHook] o.s.b.w.e.tomcat.GracefulShutdown        : Commencing graceful shutdown. Waiting for active requests to complete
2025-11-28T12:31:03.162+02:00  INFO 23060 --- [acs] [tomcat-shutdown] o.s.b.w.e.tomcat.GracefulShutdown        : Graceful shutdown complete
2025-11-28T12:31:03.180+02:00  INFO 23060 --- [acs] [SpringApplicationShutdownHook] j.LocalContainerEntityManagerFactoryBean : Closing JPA EntityManagerFactory for persistence unit 'default'
2025-11-28T12:31:03.195+02:00  INFO 23060 --- [acs] [SpringApplicationShutdownHook] com.zaxxer.hikari.HikariDataSource       : HikariPool-1 - Shutdown initiated...
2025-11-28T12:31:03.214+02:00  INFO 23060 --- [acs] [SpringApplicationShutdownHook] com.zaxxer.hikari.HikariDataSource       : HikariPool-1 - Shutdown completed.
2025-11-28T13:06:54.008+02:00  INFO 19648 --- [acs] [main] com.example.acs.AcsApplication           : Starting AcsApplication using Java 21.0.9 with PID 19648 (C:\proj\acs\backend\acs\target\classes started by Eduard in C:\proj\acs\backend\acs)
2025-11-28T13:06:54.011+02:00 DEBUG 19648 --- [acs] [main] com.example.acs.AcsApplication           : Running with Spring Boot v3.5.7, Spring v6.2.12
2025-11-28T13:06:54.013+02:00  INFO 19648 --- [acs] [main] com.example.acs.AcsApplication           : No active profile set, falling back to 1 default profile: "default"
2025-11-28T13:06:55.625+02:00  INFO 19648 --- [acs] [main] .s.d.r.c.RepositoryConfigurationDelegate : Bootstrapping Spring Data JPA repositories in DEFAULT mode.
2025-11-28T13:06:55.767+02:00  INFO 19648 --- [acs] [main] .s.d.r.c.RepositoryConfigurationDelegate : Finished Spring Data repository scanning in 117 ms. Found 4 JPA repository interfaces.
2025-11-28T13:06:56.899+02:00  INFO 19648 --- [acs] [main] o.s.b.w.embedded.tomcat.TomcatWebServer  : Tomcat initialized with port 8080 (http)
2025-11-28T13:06:56.926+02:00  INFO 19648 --- [acs] [main] o.apache.catalina.core.StandardService   : Starting service [Tomcat]
2025-11-28T13:06:56.927+02:00  INFO 19648 --- [acs] [main] o.apache.catalina.core.StandardEngine    : Starting Servlet engine: [Apache Tomcat/10.1.48]
2025-11-28T13:06:57.037+02:00  INFO 19648 --- [acs] [main] o.a.c.c.C.[Tomcat].[localhost].[/]       : Initializing Spring embedded WebApplicationContext
2025-11-28T13:06:57.038+02:00  INFO 19648 --- [acs] [main] w.s.c.ServletWebServerApplicationContext : Root WebApplicationContext: initialization completed in 2915 ms
2025-11-28T13:06:57.329+02:00  INFO 19648 --- [acs] [main] o.hibernate.jpa.internal.util.LogHelper  : HHH000204: Processing PersistenceUnitInfo [name: default]
2025-11-28T13:06:57.441+02:00  INFO 19648 --- [acs] [main] org.hibernate.Version                    : HHH000412: Hibernate ORM core version 6.6.33.Final
2025-11-28T13:06:57.502+02:00  INFO 19648 --- [acs] [main] o.h.c.internal.RegionFactoryInitiator    : HHH000026: Second-level cache disabled
2025-11-28T13:06:57.955+02:00  INFO 19648 --- [acs] [main] o.s.o.j.p.SpringPersistenceUnitInfo      : No LoadTimeWeaver setup: ignoring JPA class transformer
2025-11-28T13:06:58.008+02:00  INFO 19648 --- [acs] [main] com.zaxxer.hikari.HikariDataSource       : HikariPool-1 - Starting...
2025-11-28T13:06:58.348+02:00  INFO 19648 --- [acs] [main] com.zaxxer.hikari.pool.HikariPool        : HikariPool-1 - Added connection org.sqlite.jdbc4.JDBC4Connection@43b172e3
2025-11-28T13:06:58.352+02:00  INFO 19648 --- [acs] [main] com.zaxxer.hikari.HikariDataSource       : HikariPool-1 - Start completed.
2025-11-28T13:06:58.414+02:00  INFO 19648 --- [acs] [main] org.hibernate.orm.connections.pooling    : HHH10001005: Database info:
	Database JDBC URL [Connecting through datasource 'HikariDataSource (HikariPool-1)']
	Database driver: undefined/unknown
	Database version: 3.49.1
	Autocommit mode: undefined/unknown
	Isolation level: undefined/unknown
	Minimum pool size: undefined/unknown
	Maximum pool size: undefined/unknown
2025-11-28T13:07:00.140+02:00  INFO 19648 --- [acs] [main] o.h.e.t.j.p.i.JtaPlatformInitiator       : HHH000489: No JTA platform available (set 'hibernate.transaction.jta.platform' to enable JTA platform integration)
2025-11-28T13:07:00.227+02:00  INFO 19648 --- [acs] [main] j.LocalContainerEntityManagerFactoryBean : Initialized JPA EntityManagerFactory for persistence unit 'default'
2025-11-28T13:07:00.733+02:00  INFO 19648 --- [acs] [main] o.s.d.j.r.query.QueryEnhancerFactory     : Hibernate is in classpath; If applicable, HQL parser will be used.
2025-11-28T13:07:02.162+02:00 DEBUG 19648 --- [acs] [main] c.e.a.security.JwtAuthenticationFilter   : Filter 'jwtAuthenticationFilter' configured for use
2025-11-28T13:07:02.886+02:00  WARN 19648 --- [acs] [main] JpaBaseConfiguration$JpaWebConfiguration : spring.jpa.open-in-view is enabled by default. Therefore, database queries may be performed during view rendering. Explicitly configure spring.jpa.open-in-view to disable this warning
2025-11-28T13:07:02.980+02:00  INFO 19648 --- [acs] [main] eAuthenticationProviderManagerConfigurer : Global AuthenticationManager configured with AuthenticationProvider bean with name authenticationProvider
2025-11-28T13:07:02.982+02:00  WARN 19648 --- [acs] [main] r$InitializeUserDetailsManagerConfigurer : Global AuthenticationManager configured with an AuthenticationProvider bean. UserDetailsService beans will not be used by Spring Security for automatically configuring username/password login. Consider removing the AuthenticationProvider bean. Alternatively, consider using the UserDetailsService in a manually instantiated DaoAuthenticationProvider. If the current configuration is intentional, to turn off this warning, increase the logging level of 'org.springframework.security.config.annotation.authentication.configuration.InitializeUserDetailsBeanManagerConfigurer' to ERROR
2025-11-28T13:07:04.280+02:00  INFO 19648 --- [acs] [main] o.s.b.w.embedded.tomcat.TomcatWebServer  : Tomcat started on port 8080 (http) with context path '/'
2025-11-28T13:07:04.302+02:00  INFO 19648 --- [acs] [main] com.example.acs.AcsApplication           : Started AcsApplication in 11.241 seconds (process running for 11.879)
2025-11-28T13:07:04.530+02:00  INFO 19648 --- [acs] [main] c.example.acs.user.AdminUserInitializer  : Admin user 'admin' already exists
2025-11-28T13:07:22.062+02:00  INFO 19648 --- [acs] [http-nio-8080-exec-1] o.a.c.c.C.[Tomcat].[localhost].[/]       : Initializing Spring DispatcherServlet 'dispatcherServlet'
2025-11-28T13:07:22.063+02:00  INFO 19648 --- [acs] [http-nio-8080-exec-1] o.s.web.servlet.DispatcherServlet        : Initializing Servlet 'dispatcherServlet'
2025-11-28T13:07:22.067+02:00  INFO 19648 --- [acs] [http-nio-8080-exec-1] o.s.web.servlet.DispatcherServlet        : Completed initialization in 4 ms
2025-11-28T13:12:46.827+02:00 DEBUG 19648 --- [acs] [http-nio-8080-exec-2] c.example.acs.storage.LocalFileStorage   : Stored file 'IMG_7743.MP4' for user 02bb53f4-0765-416e-b5e9-3008a24c60a6 at C:\proj\acs\backend\acs\backend\cloud\02bb53f4-0765-416e-b5e9-3008a24c60a6\a1cc5cb9-fe79-4aef-971d-1e9c9d8565e2
2025-11-28T13:12:46.859+02:00  INFO 19648 --- [acs] [http-nio-8080-exec-2] com.example.acs.file.FileService         : User 'proverca123' uploaded file 'IMG_7743.MP4' (5367316 bytes)
2025-11-28T13:31:43.859+02:00  WARN 19648 --- [acs] [HikariPool-1:housekeeper] com.zaxxer.hikari.pool.HikariPool        : HikariPool-1 - Thread starvation or clock leap detected (housekeeper delta=15m15s241ms823µs).
2025-11-28T13:32:35.065+02:00 DEBUG 19648 --- [acs] [http-nio-8080-exec-4] c.e.a.security.JwtAuthenticationFilter   : Failed to parse JWT token: JWT expired 714065 milliseconds ago at 2025-11-28T11:20:41.000Z. Current time: 2025-11-28T11:32:35.065Z. Allowed clock skew: 0 milliseconds.
2025-11-28T13:32:39.923+02:00 DEBUG 19648 --- [acs] [http-nio-8080-exec-2] c.e.a.security.JwtAuthenticationFilter   : Failed to parse JWT token: JWT expired 718923 milliseconds ago at 2025-11-28T11:20:41.000Z. Current time: 2025-11-28T11:32:39.923Z. Allowed clock skew: 0 milliseconds.
2025-11-28T13:32:42.785+02:00 DEBUG 19648 --- [acs] [http-nio-8080-exec-6] c.e.a.security.JwtAuthenticationFilter   : Failed to parse JWT token: JWT expired 721784 milliseconds ago at 2025-11-28T11:20:41.000Z. Current time: 2025-11-28T11:32:42.784Z. Allowed clock skew: 0 milliseconds.
2025-11-28T13:33:01.336+02:00  INFO 19648 --- [acs] [http-nio-8080-exec-8] com.example.acs.auth.AuthService         : User 'proverca123' logged in successfully
2025-11-28T13:33:38.903+02:00  INFO 19648 --- [acs] [http-nio-8080-exec-5] com.example.acs.file.FileService         : User 'proverca123' deleted file 'IMG_7743.MP4'
2025-11-28T13:34:08.906+02:00  INFO 19648 --- [acs] [SpringApplicationShutdownHook] o.s.b.w.e.tomcat.GracefulShutdown        : Commencing graceful shutdown. Waiting for active requests to complete
2025-11-28T13:34:08.934+02:00  INFO 19648 --- [acs] [tomcat-shutdown] o.s.b.w.e.tomcat.GracefulShutdown        : Graceful shutdown complete
2025-11-28T13:34:08.949+02:00  INFO 19648 --- [acs] [SpringApplicationShutdownHook] j.LocalContainerEntityManagerFactoryBean : Closing JPA EntityManagerFactory for persistence unit 'default'
2025-11-28T13:34:08.956+02:00  INFO 19648 --- [acs] [SpringApplicationShutdownHook] com.zaxxer.hikari.HikariDataSource       : HikariPool-1 - Shutdown initiated...
2025-11-28T13:34:08.973+02:00  INFO 19648 --- [acs] [SpringApplicationShutdownHook] com.zaxxer.hikari.HikariDataSource       : HikariPool-1 - Shutdown completed.
